
[1m[46m RUN [49m[22m [36mv4.0.18 [39m[90mD:/code/R2R/R2R_simultion/r2r-sandbox[39m

node.exe : [90mstderr[2m | src/App.test.jsx[2m >
 [22m[2mR2R Sandbox App[2m > [22m[2mRendering
[2m > [22m[2mshould render main application heade
rs without crashing
位於 C:\nvm4w\nodejs\npx.ps1:16 字元:5
+     & "$basedir/node$exe"  "$basedir/node_modules
/npm/bin/npx-cli.js" ...
+     ~~~~~~~~~~~~~~~~~~~~~~~~~~~~~~~~~~~~~~~~~~~~~
~~~~~~~~~~~~~~~~~~~~
    + CategoryInfo          : NotSpecified: ([90m 
   stderr[2m...ithout crashing:String) [], Remot  
  eException
    + FullyQualifiedErrorId : NativeCommandError
 
[22m[39mDuplicate headers found and renamed.

[90mstderr[2m | src/App.test.jsx[2m > [22m[2mR
2R Sandbox App[2m > [22m[2mUser Interactions[2m
 > [22m[2mshould update SNR Multiplier text when 
slider changes
[22m[39mDuplicate headers found and renamed.

[90mstderr[2m | src/App.test.jsx[2m > [22m[2mR
2R Sandbox App[2m > [22m[2mUser Interactions[2m
 > [22m[2mshould update Lambda text when slider c
hanges
[22m[39mDuplicate headers found and renamed.

[90mstderr[2m | src/App.test.jsx[2m > [22m[2mR
2R Sandbox App[2m > [22m[2mUser Interactions[2m
 > [22m[2mshould update Sampling Rate percentage 
text when slider changes
[22m[39mDuplicate headers found and renamed.

 [31m??[39m src/App.test.jsx [2m([22m[2m5 tests[22m[2m | [22m[31m4 failed[39m[2m)[22m[33m 4209[2mms[22m[39m
[31m       [31m?[31m should render main application headers without crashing[39m[33m 1075[2mms[22m[39m
[31m       [31m?[31m should update SNR Multiplier text when slider changes[39m[33m 1025[2mms[22m[39m
[31m       [31m?[31m should update Lambda text when slider changes[39m[33m 1036[2mms[22m[39m
[31m       [31m?[31m should update Sampling Rate percentage text when slider changes[39m[33m 1031[2mms[22m[39m
       [32m??[39m should gracefully handle fetch errors[32m 41[2mms[22m[39m

[31m?胼?胼?胼??[39m[1m[41m Failed Tests 4 [49m
[22m[31m?胼?胼?胼??[39m

[41m[1m FAIL [22m[49m src/App.test.jsx[2m > [
22mR2R Sandbox App[2m > [22mRendering[2m > [22m
should render main application headers without cras
hing
[31m[1mTestingLibraryElementError[22m[39m: Unab
le to find an element with the text: M01. This coul
d be because the text is broken up by multiple elem
ents. In this case, you can provide a function for 
your text matcher to make your matcher more flexibl
e.

Ignored nodes: comments, script, style
[36m<body>[39m
  [36m<div>[39m
    [36m<div[39m
      [33mclass[39m=[32m"min-h-screen bg-stone-5
0 text-stone-900 font-sans selection:bg-amber-200 p
b-12"[39m
    [36m>[39m
      [36m<header[39m
        [33mclass[39m=[32m"px-8 py-5 border-b bo
rder-stone-200 bg-white sticky top-0 z-10 flex item
s-center justify-between shadow-sm"[39m
      [36m>[39m
        [36m<div>[39m
          [36m<h1[39m
            [33mclass[39m=[32m"text-2xl font-bol
d tracking-tight text-stone-800 flex items-center g
ap-2"[39m
          [36m>[39m
            [36m<svg[39m
              [33maria-hidden[39m=[32m"true"[39
m
              [33mclass[39m=[32m"lucide lucide-a
ctivity w-6 h-6 text-amber-600"[39m
              [33mfill[39m=[32m"none"[39m
              [33mheight[39m=[32m"24"[39m
              [33mstroke[39m=[32m"currentColor"
[39m
              [33mstroke-linecap[39m=[32m"round"
[39m
              [33mstroke-linejoin[39m=[32m"round
"[39m
              [33mstroke-width[39m=[32m"2"[39m
              [33mviewBox[39m=[32m"0 0 24 24"[3
9m
              [33mwidth[39m=[32m"24"[39m
              [33mxmlns[39m=[32m"http://www.w3.o
rg/2000/svg"[39m
            [36m>[39m
              [36m<path[39m
                [33md[39m=[32m"M22 12h-2.48a2 2 
0 0 0-1.93 1.46l-2.35 8.36a.25.25 0 0 1-.48 0L9.24 
2.18a.25.25 0 0 0-.48 0l-2.35 8.36A2 2 0 0 1 4.49 1
2H2"[39m
              [36m/>[39m
            [36m</svg>[39m
            [0mR2R Simulator Sandbox [0m
            [36m<span[39m
              [33mclass[39m=[32m"ml-2 text-xs fo
nt-medium px-2 py-1 bg-stone-100 rounded-full text-
stone-500 border border-stone-200"[39m
            [36m>[39m
              [0mBETA[0m
            [36m</span>[39m
          [36m</h1>[39m
          [36m<p[39m
            [33mclass[39m=[32m"text-sm text-ston
e-500 mt-1"[39m
          [36m>[39m
            [0mReal-time EWMA Playback Analysis En
gine[0m
          [36m</p>[39m
        [36m</div>[39m
        [36m<div[39m
          [33mclass[39m=[32m"flex gap-4 items-ce
nter"[39m
        [36m>[39m
          [36m<button[39m
            [33mclass[39m=[32m"p-2 text-stone-40
0 hover:text-stone-700 hover:bg-stone-100 rounded-f
ull transition-colors"[39m
            [33mtitle[39m=[32m"Reload Data"[39m
          [36m>[39m
            [36m<svg[39m
              [33maria-hidden[39m=[32m"true"[39
m
              [33mclass[39m=[32m"lucide lucide-r
efresh-cw w-5 h-5"[39m
              [33mfill[39m=[32m"none"[39m
              [33mheight[39m=[32m"24"[39m
              [33mstroke[39m=[32m"currentColor"
[39m
              [33mstroke-linecap[39m=[32m"round"
[39m
              [33mstroke-linejoin[39m=[32m"round
"[39m
              [33mstroke-width[39m=[32m"2"[39m
              [33mviewBox[39m=[32m"0 0 24 24"[3
9m
              [33mwidth[39m=[32m"24"[39m
              [33mxmlns[39m=[32m"http://www.w3.o
rg/2000/svg"[39m
            [36m>[39m
              [36m<path[39m
                [33md[39m=[32m"M3 12a9 9 0 0 1 9
-9 9.75 9.75 0 0 1 6.74 2.74L21 8"[39m
              [36m/>[39m
              [36m<path[39m
                [33md[39m=[32m"M21 3v5h-5"[39m
              [36m/>[39m
              [36m<path[39m
                [33md[39m=[32m"M21 12a9 9 0 0 1-
9 9 9.75 9.75 0 0 1-6.74-2.74L3 16"[39m
              [36m/>[39m
              [36m<path[39m
                [33md[39m=[32m"M8 16H3v5"[39m
              [36m/>[39m
            [36m</svg>[39m
          [36m</button>[39m
        [36m</div>[39m
      [36m</header>[39m
      [36m<main[39m
        [33mclass[39m=[32m"mx-auto max-w-7xl p-8
 grid grid-cols-12 gap-8 overflow-hidden"[39m
      [36m>[39m
        [36m<div[39m
          [33mclass[39m=[32m"col-span-12 lg:col-
span-3 space-y-6"[39m
        [36m>[39m
          [36m<div[39m
            [33mclass[39m=[32m"p-6 bg-white roun
ded-xl shadow-sm border border-stone-200"[39m
          [36m>[39m
            [36m<div[39m
              [33mclass[39m=[32m"flex items-cent
er gap-2 mb-4"[39m
            [36m>[39m
              [36m<svg[39m
                [33maria-hidden[39m=[32m"true"[
39m
                [33mclass[39m=[32m"lucide lucide
-activity w-5 h-5 text-amber-600"[39m
                [33mfill[39m=[32m"none"[39m
                [33mheight[39m=[32m"24"[39m
                [33mstroke[39m=[32m"currentColor
"[39m
                [33mstroke-linecap[39m=[32m"roun
d"[39m
                [33mstroke-linejoin[39m=[32m"rou
nd"[39m
                [33mstroke-width[39m=[32m"2"[39
m
                [33mviewBox[39m=[32m"0 0 24 24"
[39m
                [33mwidth[39m=[32m"24"[39m
                [33mxmlns[39m=[32m"http://www.w3
.org/2000/svg"[39m
              [36m>[39m
                [36m<path[39m
                  [33md[39m=[32m"M22 12h-2.48a2 
2 0 0 0-1.93 1.46l-2.35 8.36a.25.25 0 0 1-.48 0L9.2
4 2.18a.25.25 0 0 0-.48 0l-2.35 8.36A2 2 0 0 1 4.49
 12H2"[39m
                [36m/>[39m
              [36m</svg>[39m
              [36m<h2[39m
                [33mclass[39m=[32m"text-lg font-
bold text-stone-800"[39m
              [36m>[39m
                [0mMachine Selector[0m
              [36m</h2>[39m
            [36m</div>[39m
            [36m<div[39m
              [33mclass[39m=[32m"text-xs text-st
one-500 mb-4 font-medium"[39m
            [36m>[39m
              [0mClick a bar to cycle through mach
ines grouped by Native SNR range.[0m
            [36m</div>[39m
            [36m<div[39m
              [33mclass[39m=[32m"h-40 w-full cur
sor-pointer"[39m
            [36m>[39m
              [36m<div[39m
                [33mstyle[39m=[32m"width: 800px;
 height: 600px;"[39m
              [36m>[39m
                [36m<div[39m
                  [33mclass[39m=[32m"recharts-wr
apper"[39m
                  [33mstyle[39m=[32m"position: r
elative; cursor: default;"[39m
                [36m/>[39m
              [36m</div>[39m
            [36m</div>[39m
          [36m</div>[39m
          [36m<div[39m
            [33mclass[39m=[32m"p-6 bg-white roun
ded-xl shadow-sm border border-stone-200"[39m
          [36m>[39m
            [36m<div[39m
              [33mclass[39m=[32m"flex items-cent
er gap-2 mb-6"[39m
            [36m>[39m
              [36m<svg[39m
                [33maria-hidden[39m=[32m"true"[
39m
                [33mclass[39m=[32m"lucide lucide
-sliders-horizontal w-5 h-5 text-amber-600"[39m
                [33mfill[39m=[32m"none"[39m
                [33mheight[39m=[32m"24"[39m
                [33mstroke[39m=[32m"currentColor
"[39m
                [33mstroke-linecap[39m=[32m"roun
d"[39m
                [33mstroke-linejoin[39m=[32m"rou
nd"[39m
                [33mstroke-width[39m=[32m"2"[39
m
                [33mviewBox[39m=[32m"0 0 24 24"
[39m
                [33mwidth[...

Ignored nodes: comments, script, style
[36m<html>[39m
  [36m<head />[39m
  [36m<body>[39m
    [36m<div>[39m
      [36m<div[39m
        [33mclass[39m=[32m"min-h-screen bg-stone
-50 text-stone-900 font-sans selection:bg-amber-200
 pb-12"[39m
      [36m>[39m
        [36m<header[39m
          [33mclass[39m=[32m"px-8 py-5 border-b 
border-stone-200 bg-white sticky top-0 z-10 flex it
ems-center justify-between shadow-sm"[39m
        [36m>[39m
          [36m<div>[39m
            [36m<h1[39m
              [33mclass[39m=[32m"text-2xl font-b
old tracking-tight text-stone-800 flex items-center
 gap-2"[39m
            [36m>[39m
              [36m<svg[39m
                [33maria-hidden[39m=[32m"true"[
39m
                [33mclass[39m=[32m"lucide lucide
-activity w-6 h-6 text-amber-600"[39m
                [33mfill[39m=[32m"none"[39m
                [33mheight[39m=[32m"24"[39m
                [33mstroke[39m=[32m"currentColor
"[39m
                [33mstroke-linecap[39m=[32m"roun
d"[39m
                [33mstroke-linejoin[39m=[32m"rou
nd"[39m
                [33mstroke-width[39m=[32m"2"[39
m
                [33mviewBox[39m=[32m"0 0 24 24"
[39m
                [33mwidth[39m=[32m"24"[39m
                [33mxmlns[39m=[32m"http://www.w3
.org/2000/svg"[39m
              [36m>[39m
                [36m<path[39m
                  [33md[39m=[32m"M22 12h-2.48a2 
2 0 0 0-1.93 1.46l-2.35 8.36a.25.25 0 0 1-.48 0L9.2
4 2.18a.25.25 0 0 0-.48 0l-2.35 8.36A2 2 0 0 1 4.49
 12H2"[39m
                [36m/>[39m
              [36m</svg>[39m
              [0mR2R Simulator Sandbox [0m
              [36m<span[39m
                [33mclass[39m=[32m"ml-2 text-xs 
font-medium px-2 py-1 bg-stone-100 rounded-full tex
t-stone-500 border border-stone-200"[39m
              [36m>[39m
                [0mBETA[0m
              [36m</span>[39m
            [36m</h1>[39m
            [36m<p[39m
              [33mclass[39m=[32m"text-sm text-st
one-500 mt-1"[39m
            [36m>[39m
              [0mReal-time EWMA Playback Analysis 
Engine[0m
            [36m</p>[39m
          [36m</div>[39m
          [36m<div[39m
            [33mclass[39m=[32m"flex gap-4 items-
center"[39m
          [36m>[39m
            [36m<button[39m
              [33mclass[39m=[32m"p-2 text-stone-
400 hover:text-stone-700 hover:bg-stone-100 rounded
-full transition-colors"[39m
              [33mtitle[39m=[32m"Reload Data"[3
9m
            [36m>[39m
              [36m<svg[39m
                [33maria-hidden[39m=[32m"true"[
39m
                [33mclass[39m=[32m"lucide lucide
-refresh-cw w-5 h-5"[39m
                [33mfill[39m=[32m"none"[39m
                [33mheight[39m=[32m"24"[39m
                [33mstroke[39m=[32m"currentColor
"[39m
                [33mstroke-linecap[39m=[32m"roun
d"[39m
                [33mstroke-linejoin[39m=[32m"rou
nd"[39m
                [33mstroke-width[39m=[32m"2"[39
m
                [33mviewBox[39m=[32m"0 0 24 24"
[39m
                [33mwidth[39m=[32m"24"[39m
                [33mxmlns[39m=[32m"http://www.w3
.org/2000/svg"[39m
              [36m>[39m
                [36m<path[39m
                  [33md[39m=[32m"M3 12a9 9 0 0 1
 9-9 9.75 9.75 0 0 1 6.74 2.74L21 8"[39m
                [36m/>[39m
                [36m<path[39m
                  [33md[39m=[32m"M21 3v5h-5"[39
m
                [36m/>[39m
                [36m<path[39m
                  [33md[39m=[32m"M21 12a9 9 0 0 
1-9 9 9.75 9.75 0 0 1-6.74-2.74L3 16"[39m
                [36m/>[39m
                [36m<path[39m
                  [33md[39m=[32m"M8 16H3v5"[39m
                [36m/>[39m
              [36m</svg>[39m
            [36m</button>[39m
          [36m</div>[39m
        [36m</header>[39m
        [36m<main[39m
          [33mclass[39m=[32m"mx-auto max-w-7xl p
-8 grid grid-cols-12 gap-8 overflow-hidden"[39m
        [36m>[39m
          [36m<div[39m
            [33mclass[39m=[32m"col-span-12 lg:co
l-span-3 space-y-6"[39m
          [36m>[39m
            [36m<div[39m
              [33mclass[39m=[32m"p-6 bg-white ro
unded-xl shadow-sm border border-stone-200"[39m
            [36m>[39m
              [36m<div[39m
                [33mclass[39m=[32m"flex items-ce
nter gap-2 mb-4"[39m
              [36m>[39m
                [36m<svg[39m
                  [33maria-hidden[39m=[32m"true"
[39m
                  [33mclass[39m=[32m"lucide luci
de-activity w-5 h-5 text-amber-600"[39m
                  [33mfill[39m=[32m"none"[39m
                  [33mheight[39m=[32m"24"[39m
                  [33mstroke[39m=[32m"currentCol
or"[39m
                  [33mstroke-linecap[39m=[32m"ro
und"[39m
                  [33mstroke-linejoin[39m=[32m"r
ound"[39m
                  [33mstroke-width[39m=[32m"2"[
39m
                  [33mviewBox[39m=[32m"0 0 24 24
"[39m
                  [33mwidth[39m=[32m"24"[39m
                  [33mxmlns[39m=[32m"http://www.
w3.org/2000/svg"[39m
                [36m>[39m
                  [36m<path[39m
                    [33md[39m=[32m"M22 12h-2.48a
2 2 0 0 0-1.93 1.46l-2.35 8.36a.25.25 0 0 1-.48 0L9
.24 2.18a.25.25 0 0 0-.48 0l-2.35 8.36A2 2 0 0 1 4.
49 12H2"[39m
                  [36m/>[39m
                [36m</svg>[39m
                [36m<h2[39m
                  [33mclass[39m=[32m"text-lg fon
t-bold text-stone-800"[39m
                [36m>[39m
                  [0mMachine Selector[0m
                [36m</h2>[39m
              [36m</div>[39m
              [36m<div[39m
                [33mclass[39m=[32m"text-xs text-
stone-500 mb-4 font-medium"[39m
              [36m>[39m
                [0mClick a bar to cycle through ma
chines grouped by Native SNR range.[0m
              [36m</div>[39m
              [36m<div[39m
                [33mclass[39m=[32m"h-40 w-full c
ursor-pointer"[39m
              [36m>[39m
                [36m<div[39m
                  [33mstyle[39m=[32m"width: 800p
x; height: 600px;"[39m
                [36m>[39m
                  [36m<div[39m
                    [33mclass[39m=[32m"recharts-
wrapper"[39m
                    [33mstyle[39m=[32m"position:
 relative; cursor: default;"[39m
                  [36m/>[39m
                [36m</div>[39m
              [36m</div>[39m
            [36m</div>[39m
            [36m<div[39m
              [33mclass[39m=[32m"p-6 bg-white ro
unded-xl shadow-sm border border-stone-200"[39m
            [36m>[39m
              [36m<div[39m
                [33mclass[39m=[32m"flex items-ce
nter gap-2 mb-6"[39m
              [36m>[39m
                [36m<svg[39m
                  [33maria-hidden[39m=[32m"true"
[39m
                  [33mclass[39m=[32m"lucide luci
de-sliders-horizontal w-5 h-5 text-amber-600"[39m
                  [33mfill[39m=[32m"none"[39m
                  [33mheight[39m=[32m"2...
[90m [2m??[22m Proxy.waitForWrapper node_modules/
@testing-library/dom/dist/wait-for.js:[2m163:27[2
2m[39m
[36m [2m??[22m src/App.test.jsx:[2m48:19[22m[3
9m
    [90m 46| [39m
    [90m 47| [39m            [90m// Await data l
oad[39m
    [90m 48| [39m            [35mawait[39m [34
mwaitFor[39m(() [33m=>[39m {
    [90m   | [39m                  [31m^[39m
    [90m 49| [39m                [34mexpect[39m
(screen[33m.[39m[34mgetByText[39m([32m'M01'[3
9m))[33m.[39m[34mtoBeInTheDocument[39m()[33m;
[39m
    [90m 50| [39m            })[33m;[39m

[31m[2m?胼?胼?胼?胼?胼?胼?胼?胼?胼?胼?胼?胼[1/4]?
?[22m[39m

[41m[1m FAIL [22m[49m src/App.test.jsx[2m > [
22mR2R Sandbox App[2m > [22mUser Interactions[2m
 > [22mshould update SNR Multiplier text when slid
er changes
[31m[1mTestingLibraryElementError[22m[39m: Unab
le to find an element with the text: M01. This coul
d be because the text is broken up by multiple elem
ents. In this case, you can provide a function for 
your text matcher to make your matcher more flexibl
e.

Ignored nodes: comments, script, style
[36m<body>[39m
  [36m<div>[39m
    [36m<div[39m
      [33mclass[39m=[32m"min-h-screen bg-stone-5
0 text-stone-900 font-sans selection:bg-amber-200 p
b-12"[39m
    [36m>[39m
      [36m<header[39m
        [33mclass[39m=[32m"px-8 py-5 border-b bo
rder-stone-200 bg-white sticky top-0 z-10 flex item
s-center justify-between shadow-sm"[39m
      [36m>[39m
        [36m<div>[39m
          [36m<h1[39m
            [33mclass[39m=[32m"text-2xl font-bol
d tracking-tight text-stone-800 flex items-center g
ap-2"[39m
          [36m>[39m
            [36m<svg[39m
              [33maria-hidden[39m=[32m"true"[39
m
              [33mclass[39m=[32m"lucide lucide-a
ctivity w-6 h-6 text-amber-600"[39m
              [33mfill[39m=[32m"none"[39m
              [33mheight[39m=[32m"24"[39m
              [33mstroke[39m=[32m"currentColor"
[39m
              [33mstroke-linecap[39m=[32m"round"
[39m
              [33mstroke-linejoin[39m=[32m"round
"[39m
              [33mstroke-width[39m=[32m"2"[39m
              [33mviewBox[39m=[32m"0 0 24 24"[3
9m
              [33mwidth[39m=[32m"24"[39m
              [33mxmlns[39m=[32m"http://www.w3.o
rg/2000/svg"[39m
            [36m>[39m
              [36m<path[39m
                [33md[39m=[32m"M22 12h-2.48a2 2 
0 0 0-1.93 1.46l-2.35 8.36a.25.25 0 0 1-.48 0L9.24 
2.18a.25.25 0 0 0-.48 0l-2.35 8.36A2 2 0 0 1 4.49 1
2H2"[39m
              [36m/>[39m
            [36m</svg>[39m
            [0mR2R Simulator Sandbox [0m
            [36m<span[39m
              [33mclass[39m=[32m"ml-2 text-xs fo
nt-medium px-2 py-1 bg-stone-100 rounded-full text-
stone-500 border border-stone-200"[39m
            [36m>[39m
              [0mBETA[0m
            [36m</span>[39m
          [36m</h1>[39m
          [36m<p[39m
            [33mclass[39m=[32m"text-sm text-ston
e-500 mt-1"[39m
          [36m>[39m
            [0mReal-time EWMA Playback Analysis En
gine[0m
          [36m</p>[39m
        [36m</div>[39m
        [36m<div[39m
          [33mclass[39m=[32m"flex gap-4 items-ce
nter"[39m
        [36m>[39m
          [36m<button[39m
            [33mclass[39m=[32m"p-2 text-stone-40
0 hover:text-stone-700 hover:bg-stone-100 rounded-f
ull transition-colors"[39m
            [33mtitle[39m=[32m"Reload Data"[39m
          [36m>[39m
            [36m<svg[39m
              [33maria-hidden[39m=[32m"true"[39
m
              [33mclass[39m=[32m"lucide lucide-r
efresh-cw w-5 h-5"[39m
              [33mfill[39m=[32m"none"[39m
              [33mheight[39m=[32m"24"[39m
              [33mstroke[39m=[32m"currentColor"
[39m
              [33mstroke-linecap[39m=[32m"round"
[39m
              [33mstroke-linejoin[39m=[32m"round
"[39m
              [33mstroke-width[39m=[32m"2"[39m
              [33mviewBox[39m=[32m"0 0 24 24"[3
9m
              [33mwidth[39m=[32m"24"[39m
              [33mxmlns[39m=[32m"http://www.w3.o
rg/2000/svg"[39m
            [36m>[39m
              [36m<path[39m
                [33md[39m=[32m"M3 12a9 9 0 0 1 9
-9 9.75 9.75 0 0 1 6.74 2.74L21 8"[39m
              [36m/>[39m
              [36m<path[39m
                [33md[39m=[32m"M21 3v5h-5"[39m
              [36m/>[39m
              [36m<path[39m
                [33md[39m=[32m"M21 12a9 9 0 0 1-
9 9 9.75 9.75 0 0 1-6.74-2.74L3 16"[39m
              [36m/>[39m
              [36m<path[39m
                [33md[39m=[32m"M8 16H3v5"[39m
              [36m/>[39m
            [36m</svg>[39m
          [36m</button>[39m
        [36m</div>[39m
      [36m</header>[39m
      [36m<main[39m
        [33mclass[39m=[32m"mx-auto max-w-7xl p-8
 grid grid-cols-12 gap-8 overflow-hidden"[39m
      [36m>[39m
        [36m<div[39m
          [33mclass[39m=[32m"col-span-12 lg:col-
span-3 space-y-6"[39m
        [36m>[39m
          [36m<div[39m
            [33mclass[39m=[32m"p-6 bg-white roun
ded-xl shadow-sm border border-stone-200"[39m
          [36m>[39m
            [36m<div[39m
              [33mclass[39m=[32m"flex items-cent
er gap-2 mb-4"[39m
            [36m>[39m
              [36m<svg[39m
                [33maria-hidden[39m=[32m"true"[
39m
                [33mclass[39m=[32m"lucide lucide
-activity w-5 h-5 text-amber-600"[39m
                [33mfill[39m=[32m"none"[39m
                [33mheight[39m=[32m"24"[39m
                [33mstroke[39m=[32m"currentColor
"[39m
                [33mstroke-linecap[39m=[32m"roun
d"[39m
                [33mstroke-linejoin[39m=[32m"rou
nd"[39m
                [33mstroke-width[39m=[32m"2"[39
m
                [33mviewBox[39m=[32m"0 0 24 24"
[39m
                [33mwidth[39m=[32m"24"[39m
                [33mxmlns[39m=[32m"http://www.w3
.org/2000/svg"[39m
              [36m>[39m
                [36m<path[39m
                  [33md[39m=[32m"M22 12h-2.48a2 
2 0 0 0-1.93 1.46l-2.35 8.36a.25.25 0 0 1-.48 0L9.2
4 2.18a.25.25 0 0 0-.48 0l-2.35 8.36A2 2 0 0 1 4.49
 12H2"[39m
                [36m/>[39m
              [36m</svg>[39m
              [36m<h2[39m
                [33mclass[39m=[32m"text-lg font-
bold text-stone-800"[39m
              [36m>[39m
                [0mMachine Selector[0m
              [36m</h2>[39m
            [36m</div>[39m
            [36m<div[39m
              [33mclass[39m=[32m"text-xs text-st
one-500 mb-4 font-medium"[39m
            [36m>[39m
              [0mClick a bar to cycle through mach
ines grouped by Native SNR range.[0m
            [36m</div>[39m
            [36m<div[39m
              [33mclass[39m=[32m"h-40 w-full cur
sor-pointer"[39m
            [36m>[39m
              [36m<div[39m
                [33mstyle[39m=[32m"width: 800px;
 height: 600px;"[39m
              [36m>[39m
                [36m<div[39m
                  [33mclass[39m=[32m"recharts-wr
apper"[39m
                  [33mstyle[39m=[32m"position: r
elative; cursor: default;"[39m
                [36m/>[39m
              [36m</div>[39m
            [36m</div>[39m
          [36m</div>[39m
          [36m<div[39m
            [33mclass[39m=[32m"p-6 bg-white roun
ded-xl shadow-sm border border-stone-200"[39m
          [36m>[39m
            [36m<div[39m
              [33mclass[39m=[32m"flex items-cent
er gap-2 mb-6"[39m
            [36m>[39m
              [36m<svg[39m
                [33maria-hidden[39m=[32m"true"[
39m
                [33mclass[39m=[32m"lucide lucide
-sliders-horizontal w-5 h-5 text-amber-600"[39m
                [33mfill[39m=[32m"none"[39m
                [33mheight[39m=[32m"24"[39m
                [33mstroke[39m=[32m"currentColor
"[39m
                [33mstroke-linecap[39m=[32m"roun
d"[39m
                [33mstroke-linejoin[39m=[32m"rou
nd"[39m
                [33mstroke-width[39m=[32m"2"[39
m
                [33mviewBox[39m=[32m"0 0 24 24"
[39m
                [33mwidth[...

Ignored nodes: comments, script, style
[36m<html>[39m
  [36m<head />[39m
  [36m<body>[39m
    [36m<div>[39m
      [36m<div[39m
        [33mclass[39m=[32m"min-h-screen bg-stone
-50 text-stone-900 font-sans selection:bg-amber-200
 pb-12"[39m
      [36m>[39m
        [36m<header[39m
          [33mclass[39m=[32m"px-8 py-5 border-b 
border-stone-200 bg-white sticky top-0 z-10 flex it
ems-center justify-between shadow-sm"[39m
        [36m>[39m
          [36m<div>[39m
            [36m<h1[39m
              [33mclass[39m=[32m"text-2xl font-b
old tracking-tight text-stone-800 flex items-center
 gap-2"[39m
            [36m>[39m
              [36m<svg[39m
                [33maria-hidden[39m=[32m"true"[
39m
                [33mclass[39m=[32m"lucide lucide
-activity w-6 h-6 text-amber-600"[39m
                [33mfill[39m=[32m"none"[39m
                [33mheight[39m=[32m"24"[39m
                [33mstroke[39m=[32m"currentColor
"[39m
                [33mstroke-linecap[39m=[32m"roun
d"[39m
                [33mstroke-linejoin[39m=[32m"rou
nd"[39m
                [33mstroke-width[39m=[32m"2"[39
m
                [33mviewBox[39m=[32m"0 0 24 24"
[39m
                [33mwidth[39m=[32m"24"[39m
                [33mxmlns[39m=[32m"http://www.w3
.org/2000/svg"[39m
              [36m>[39m
                [36m<path[39m
                  [33md[39m=[32m"M22 12h-2.48a2 
2 0 0 0-1.93 1.46l-2.35 8.36a.25.25 0 0 1-.48 0L9.2
4 2.18a.25.25 0 0 0-.48 0l-2.35 8.36A2 2 0 0 1 4.49
 12H2"[39m
                [36m/>[39m
              [36m</svg>[39m
              [0mR2R Simulator Sandbox [0m
              [36m<span[39m
                [33mclass[39m=[32m"ml-2 text-xs 
font-medium px-2 py-1 bg-stone-100 rounded-full tex
t-stone-500 border border-stone-200"[39m
              [36m>[39m
                [0mBETA[0m
              [36m</span>[39m
            [36m</h1>[39m
            [36m<p[39m
              [33mclass[39m=[32m"text-sm text-st
one-500 mt-1"[39m
            [36m>[39m
              [0mReal-time EWMA Playback Analysis 
Engine[0m
            [36m</p>[39m
          [36m</div>[39m
          [36m<div[39m
            [33mclass[39m=[32m"flex gap-4 items-
center"[39m
          [36m>[39m
            [36m<button[39m
              [33mclass[39m=[32m"p-2 text-stone-
400 hover:text-stone-700 hover:bg-stone-100 rounded
-full transition-colors"[39m
              [33mtitle[39m=[32m"Reload Data"[3
9m
            [36m>[39m
              [36m<svg[39m
                [33maria-hidden[39m=[32m"true"[
39m
                [33mclass[39m=[32m"lucide lucide
-refresh-cw w-5 h-5"[39m
                [33mfill[39m=[32m"none"[39m
                [33mheight[39m=[32m"24"[39m
                [33mstroke[39m=[32m"currentColor
"[39m
                [33mstroke-linecap[39m=[32m"roun
d"[39m
                [33mstroke-linejoin[39m=[32m"rou
nd"[39m
                [33mstroke-width[39m=[32m"2"[39
m
                [33mviewBox[39m=[32m"0 0 24 24"
[39m
                [33mwidth[39m=[32m"24"[39m
                [33mxmlns[39m=[32m"http://www.w3
.org/2000/svg"[39m
              [36m>[39m
                [36m<path[39m
                  [33md[39m=[32m"M3 12a9 9 0 0 1
 9-9 9.75 9.75 0 0 1 6.74 2.74L21 8"[39m
                [36m/>[39m
                [36m<path[39m
                  [33md[39m=[32m"M21 3v5h-5"[39
m
                [36m/>[39m
                [36m<path[39m
                  [33md[39m=[32m"M21 12a9 9 0 0 
1-9 9 9.75 9.75 0 0 1-6.74-2.74L3 16"[39m
                [36m/>[39m
                [36m<path[39m
                  [33md[39m=[32m"M8 16H3v5"[39m
                [36m/>[39m
              [36m</svg>[39m
            [36m</button>[39m
          [36m</div>[39m
        [36m</header>[39m
        [36m<main[39m
          [33mclass[39m=[32m"mx-auto max-w-7xl p
-8 grid grid-cols-12 gap-8 overflow-hidden"[39m
        [36m>[39m
          [36m<div[39m
            [33mclass[39m=[32m"col-span-12 lg:co
l-span-3 space-y-6"[39m
          [36m>[39m
            [36m<div[39m
              [33mclass[39m=[32m"p-6 bg-white ro
unded-xl shadow-sm border border-stone-200"[39m
            [36m>[39m
              [36m<div[39m
                [33mclass[39m=[32m"flex items-ce
nter gap-2 mb-4"[39m
              [36m>[39m
                [36m<svg[39m
                  [33maria-hidden[39m=[32m"true"
[39m
                  [33mclass[39m=[32m"lucide luci
de-activity w-5 h-5 text-amber-600"[39m
                  [33mfill[39m=[32m"none"[39m
                  [33mheight[39m=[32m"24"[39m
                  [33mstroke[39m=[32m"currentCol
or"[39m
                  [33mstroke-linecap[39m=[32m"ro
und"[39m
                  [33mstroke-linejoin[39m=[32m"r
ound"[39m
                  [33mstroke-width[39m=[32m"2"[
39m
                  [33mviewBox[39m=[32m"0 0 24 24
"[39m
                  [33mwidth[39m=[32m"24"[39m
                  [33mxmlns[39m=[32m"http://www.
w3.org/2000/svg"[39m
                [36m>[39m
                  [36m<path[39m
                    [33md[39m=[32m"M22 12h-2.48a
2 2 0 0 0-1.93 1.46l-2.35 8.36a.25.25 0 0 1-.48 0L9
.24 2.18a.25.25 0 0 0-.48 0l-2.35 8.36A2 2 0 0 1 4.
49 12H2"[39m
                  [36m/>[39m
                [36m</svg>[39m
                [36m<h2[39m
                  [33mclass[39m=[32m"text-lg fon
t-bold text-stone-800"[39m
                [36m>[39m
                  [0mMachine Selector[0m
                [36m</h2>[39m
              [36m</div>[39m
              [36m<div[39m
                [33mclass[39m=[32m"text-xs text-
stone-500 mb-4 font-medium"[39m
              [36m>[39m
                [0mClick a bar to cycle through ma
chines grouped by Native SNR range.[0m
              [36m</div>[39m
              [36m<div[39m
                [33mclass[39m=[32m"h-40 w-full c
ursor-pointer"[39m
              [36m>[39m
                [36m<div[39m
                  [33mstyle[39m=[32m"width: 800p
x; height: 600px;"[39m
                [36m>[39m
                  [36m<div[39m
                    [33mclass[39m=[32m"recharts-
wrapper"[39m
                    [33mstyle[39m=[32m"position:
 relative; cursor: default;"[39m
                  [36m/>[39m
                [36m</div>[39m
              [36m</div>[39m
            [36m</div>[39m
            [36m<div[39m
              [33mclass[39m=[32m"p-6 bg-white ro
unded-xl shadow-sm border border-stone-200"[39m
            [36m>[39m
              [36m<div[39m
                [33mclass[39m=[32m"flex items-ce
nter gap-2 mb-6"[39m
              [36m>[39m
                [36m<svg[39m
                  [33maria-hidden[39m=[32m"true"
[39m
                  [33mclass[39m=[32m"lucide luci
de-sliders-horizontal w-5 h-5 text-amber-600"[39m
                  [33mfill[39m=[32m"none"[39m
                  [33mheight[39m=[32m"2...
[90m [2m??[22m Proxy.waitForWrapper node_modules/
@testing-library/dom/dist/wait-for.js:[2m163:27[2
2m[39m
[36m [2m??[22m src/App.test.jsx:[2m57:19[22m[3
9m
    [90m 55| [39m        it('should update SNR Mu
ltiplier text when slider changes', as??    [90m 5
6| [39m            [34mrender[39m([33m<[39m[3
3mApp[39m [33m/[39m[33m>[39m)[33m;[39m
    [90m 57| [39m            [35mawait[39m [34
mwaitFor[39m(() [33m=>[39m screen[33m.[39m[34
mgetByText[39m([32m'M01'[39m))[33m;[39m
    [90m   | [39m                  [31m^[39m
    [90m 58| [39m
    [90m 59| [39m            [35mconst[39m slid
ers [33m=[39m screen[33m.[39m[34mgetAllByRole
[39m([32m'slider'[39m)[33m;[39m

[31m[2m?胼?胼?胼?胼?胼?胼?胼?胼?胼?胼?胼?胼[2/4]?
?[22m[39m

[41m[1m FAIL [22m[49m src/App.test.jsx[2m > [
22mR2R Sandbox App[2m > [22mUser Interactions[2m
 > [22mshould update Lambda text when slider chang
es
[31m[1mTestingLibraryElementError[22m[39m: Unab
le to find an element with the text: M01. This coul
d be because the text is broken up by multiple elem
ents. In this case, you can provide a function for 
your text matcher to make your matcher more flexibl
e.

Ignored nodes: comments, script, style
[36m<body>[39m
  [36m<div>[39m
    [36m<div[39m
      [33mclass[39m=[32m"min-h-screen bg-stone-5
0 text-stone-900 font-sans selection:bg-amber-200 p
b-12"[39m
    [36m>[39m
      [36m<header[39m
        [33mclass[39m=[32m"px-8 py-5 border-b bo
rder-stone-200 bg-white sticky top-0 z-10 flex item
s-center justify-between shadow-sm"[39m
      [36m>[39m
        [36m<div>[39m
          [36m<h1[39m
            [33mclass[39m=[32m"text-2xl font-bol
d tracking-tight text-stone-800 flex items-center g
ap-2"[39m
          [36m>[39m
            [36m<svg[39m
              [33maria-hidden[39m=[32m"true"[39
m
              [33mclass[39m=[32m"lucide lucide-a
ctivity w-6 h-6 text-amber-600"[39m
              [33mfill[39m=[32m"none"[39m
              [33mheight[39m=[32m"24"[39m
              [33mstroke[39m=[32m"currentColor"
[39m
              [33mstroke-linecap[39m=[32m"round"
[39m
              [33mstroke-linejoin[39m=[32m"round
"[39m
              [33mstroke-width[39m=[32m"2"[39m
              [33mviewBox[39m=[32m"0 0 24 24"[3
9m
              [33mwidth[39m=[32m"24"[39m
              [33mxmlns[39m=[32m"http://www.w3.o
rg/2000/svg"[39m
            [36m>[39m
              [36m<path[39m
                [33md[39m=[32m"M22 12h-2.48a2 2 
0 0 0-1.93 1.46l-2.35 8.36a.25.25 0 0 1-.48 0L9.24 
2.18a.25.25 0 0 0-.48 0l-2.35 8.36A2 2 0 0 1 4.49 1
2H2"[39m
              [36m/>[39m
            [36m</svg>[39m
            [0mR2R Simulator Sandbox [0m
            [36m<span[39m
              [33mclass[39m=[32m"ml-2 text-xs fo
nt-medium px-2 py-1 bg-stone-100 rounded-full text-
stone-500 border border-stone-200"[39m
            [36m>[39m
              [0mBETA[0m
            [36m</span>[39m
          [36m</h1>[39m
          [36m<p[39m
            [33mclass[39m=[32m"text-sm text-ston
e-500 mt-1"[39m
          [36m>[39m
            [0mReal-time EWMA Playback Analysis En
gine[0m
          [36m</p>[39m
        [36m</div>[39m
        [36m<div[39m
          [33mclass[39m=[32m"flex gap-4 items-ce
nter"[39m
        [36m>[39m
          [36m<button[39m
            [33mclass[39m=[32m"p-2 text-stone-40
0 hover:text-stone-700 hover:bg-stone-100 rounded-f
ull transition-colors"[39m
            [33mtitle[39m=[32m"Reload Data"[39m
          [36m>[39m
            [36m<svg[39m
              [33maria-hidden[39m=[32m"true"[39
m
              [33mclass[39m=[32m"lucide lucide-r
efresh-cw w-5 h-5"[39m
              [33mfill[39m=[32m"none"[39m
              [33mheight[39m=[32m"24"[39m
              [33mstroke[39m=[32m"currentColor"
[39m
              [33mstroke-linecap[39m=[32m"round"
[39m
              [33mstroke-linejoin[39m=[32m"round
"[39m
              [33mstroke-width[39m=[32m"2"[39m
              [33mviewBox[39m=[32m"0 0 24 24"[3
9m
              [33mwidth[39m=[32m"24"[39m
              [33mxmlns[39m=[32m"http://www.w3.o
rg/2000/svg"[39m
            [36m>[39m
              [36m<path[39m
                [33md[39m=[32m"M3 12a9 9 0 0 1 9
-9 9.75 9.75 0 0 1 6.74 2.74L21 8"[39m
              [36m/>[39m
              [36m<path[39m
                [33md[39m=[32m"M21 3v5h-5"[39m
              [36m/>[39m
              [36m<path[39m
                [33md[39m=[32m"M21 12a9 9 0 0 1-
9 9 9.75 9.75 0 0 1-6.74-2.74L3 16"[39m
              [36m/>[39m
              [36m<path[39m
                [33md[39m=[32m"M8 16H3v5"[39m
              [36m/>[39m
            [36m</svg>[39m
          [36m</button>[39m
        [36m</div>[39m
      [36m</header>[39m
      [36m<main[39m
        [33mclass[39m=[32m"mx-auto max-w-7xl p-8
 grid grid-cols-12 gap-8 overflow-hidden"[39m
      [36m>[39m
        [36m<div[39m
          [33mclass[39m=[32m"col-span-12 lg:col-
span-3 space-y-6"[39m
        [36m>[39m
          [36m<div[39m
            [33mclass[39m=[32m"p-6 bg-white roun
ded-xl shadow-sm border border-stone-200"[39m
          [36m>[39m
            [36m<div[39m
              [33mclass[39m=[32m"flex items-cent
er gap-2 mb-4"[39m
            [36m>[39m
              [36m<svg[39m
                [33maria-hidden[39m=[32m"true"[
39m
                [33mclass[39m=[32m"lucide lucide
-activity w-5 h-5 text-amber-600"[39m
                [33mfill[39m=[32m"none"[39m
                [33mheight[39m=[32m"24"[39m
                [33mstroke[39m=[32m"currentColor
"[39m
                [33mstroke-linecap[39m=[32m"roun
d"[39m
                [33mstroke-linejoin[39m=[32m"rou
nd"[39m
                [33mstroke-width[39m=[32m"2"[39
m
                [33mviewBox[39m=[32m"0 0 24 24"
[39m
                [33mwidth[39m=[32m"24"[39m
                [33mxmlns[39m=[32m"http://www.w3
.org/2000/svg"[39m
              [36m>[39m
                [36m<path[39m
                  [33md[39m=[32m"M22 12h-2.48a2 
2 0 0 0-1.93 1.46l-2.35 8.36a.25.25 0 0 1-.48 0L9.2
4 2.18a.25.25 0 0 0-.48 0l-2.35 8.36A2 2 0 0 1 4.49
 12H2"[39m
                [36m/>[39m
              [36m</svg>[39m
              [36m<h2[39m
                [33mclass[39m=[32m"text-lg font-
bold text-stone-800"[39m
              [36m>[39m
                [0mMachine Selector[0m
              [36m</h2>[39m
            [36m</div>[39m
            [36m<div[39m
              [33mclass[39m=[32m"text-xs text-st
one-500 mb-4 font-medium"[39m
            [36m>[39m
              [0mClick a bar to cycle through mach
ines grouped by Native SNR range.[0m
            [36m</div>[39m
            [36m<div[39m
              [33mclass[39m=[32m"h-40 w-full cur
sor-pointer"[39m
            [36m>[39m
              [36m<div[39m
                [33mstyle[39m=[32m"width: 800px;
 height: 600px;"[39m
              [36m>[39m
                [36m<div[39m
                  [33mclass[39m=[32m"recharts-wr
apper"[39m
                  [33mstyle[39m=[32m"position: r
elative; cursor: default;"[39m
                [36m/>[39m
              [36m</div>[39m
            [36m</div>[39m
          [36m</div>[39m
          [36m<div[39m
            [33mclass[39m=[32m"p-6 bg-white roun
ded-xl shadow-sm border border-stone-200"[39m
          [36m>[39m
            [36m<div[39m
              [33mclass[39m=[32m"flex items-cent
er gap-2 mb-6"[39m
            [36m>[39m
              [36m<svg[39m
                [33maria-hidden[39m=[32m"true"[
39m
                [33mclass[39m=[32m"lucide lucide
-sliders-horizontal w-5 h-5 text-amber-600"[39m
                [33mfill[39m=[32m"none"[39m
                [33mheight[39m=[32m"24"[39m
                [33mstroke[39m=[32m"currentColor
"[39m
                [33mstroke-linecap[39m=[32m"roun
d"[39m
                [33mstroke-linejoin[39m=[32m"rou
nd"[39m
                [33mstroke-width[39m=[32m"2"[39
m
                [33mviewBox[39m=[32m"0 0 24 24"
[39m
                [33mwidth[...

Ignored nodes: comments, script, style
[36m<html>[39m
  [36m<head />[39m
  [36m<body>[39m
    [36m<div>[39m
      [36m<div[39m
        [33mclass[39m=[32m"min-h-screen bg-stone
-50 text-stone-900 font-sans selection:bg-amber-200
 pb-12"[39m
      [36m>[39m
        [36m<header[39m
          [33mclass[39m=[32m"px-8 py-5 border-b 
border-stone-200 bg-white sticky top-0 z-10 flex it
ems-center justify-between shadow-sm"[39m
        [36m>[39m
          [36m<div>[39m
            [36m<h1[39m
              [33mclass[39m=[32m"text-2xl font-b
old tracking-tight text-stone-800 flex items-center
 gap-2"[39m
            [36m>[39m
              [36m<svg[39m
                [33maria-hidden[39m=[32m"true"[
39m
                [33mclass[39m=[32m"lucide lucide
-activity w-6 h-6 text-amber-600"[39m
                [33mfill[39m=[32m"none"[39m
                [33mheight[39m=[32m"24"[39m
                [33mstroke[39m=[32m"currentColor
"[39m
                [33mstroke-linecap[39m=[32m"roun
d"[39m
                [33mstroke-linejoin[39m=[32m"rou
nd"[39m
                [33mstroke-width[39m=[32m"2"[39
m
                [33mviewBox[39m=[32m"0 0 24 24"
[39m
                [33mwidth[39m=[32m"24"[39m
                [33mxmlns[39m=[32m"http://www.w3
.org/2000/svg"[39m
              [36m>[39m
                [36m<path[39m
                  [33md[39m=[32m"M22 12h-2.48a2 
2 0 0 0-1.93 1.46l-2.35 8.36a.25.25 0 0 1-.48 0L9.2
4 2.18a.25.25 0 0 0-.48 0l-2.35 8.36A2 2 0 0 1 4.49
 12H2"[39m
                [36m/>[39m
              [36m</svg>[39m
              [0mR2R Simulator Sandbox [0m
              [36m<span[39m
                [33mclass[39m=[32m"ml-2 text-xs 
font-medium px-2 py-1 bg-stone-100 rounded-full tex
t-stone-500 border border-stone-200"[39m
              [36m>[39m
                [0mBETA[0m
              [36m</span>[39m
            [36m</h1>[39m
            [36m<p[39m
              [33mclass[39m=[32m"text-sm text-st
one-500 mt-1"[39m
            [36m>[39m
              [0mReal-time EWMA Playback Analysis 
Engine[0m
            [36m</p>[39m
          [36m</div>[39m
          [36m<div[39m
            [33mclass[39m=[32m"flex gap-4 items-
center"[39m
          [36m>[39m
            [36m<button[39m
              [33mclass[39m=[32m"p-2 text-stone-
400 hover:text-stone-700 hover:bg-stone-100 rounded
-full transition-colors"[39m
              [33mtitle[39m=[32m"Reload Data"[3
9m
            [36m>[39m
              [36m<svg[39m
                [33maria-hidden[39m=[32m"true"[
39m
                [33mclass[39m=[32m"lucide lucide
-refresh-cw w-5 h-5"[39m
                [33mfill[39m=[32m"none"[39m
                [33mheight[39m=[32m"24"[39m
                [33mstroke[39m=[32m"currentColor
"[39m
                [33mstroke-linecap[39m=[32m"roun
d"[39m
                [33mstroke-linejoin[39m=[32m"rou
nd"[39m
                [33mstroke-width[39m=[32m"2"[39
m
                [33mviewBox[39m=[32m"0 0 24 24"
[39m
                [33mwidth[39m=[32m"24"[39m
                [33mxmlns[39m=[32m"http://www.w3
.org/2000/svg"[39m
              [36m>[39m
                [36m<path[39m
                  [33md[39m=[32m"M3 12a9 9 0 0 1
 9-9 9.75 9.75 0 0 1 6.74 2.74L21 8"[39m
                [36m/>[39m
                [36m<path[39m
                  [33md[39m=[32m"M21 3v5h-5"[39
m
                [36m/>[39m
                [36m<path[39m
                  [33md[39m=[32m"M21 12a9 9 0 0 
1-9 9 9.75 9.75 0 0 1-6.74-2.74L3 16"[39m
                [36m/>[39m
                [36m<path[39m
                  [33md[39m=[32m"M8 16H3v5"[39m
                [36m/>[39m
              [36m</svg>[39m
            [36m</button>[39m
          [36m</div>[39m
        [36m</header>[39m
        [36m<main[39m
          [33mclass[39m=[32m"mx-auto max-w-7xl p
-8 grid grid-cols-12 gap-8 overflow-hidden"[39m
        [36m>[39m
          [36m<div[39m
            [33mclass[39m=[32m"col-span-12 lg:co
l-span-3 space-y-6"[39m
          [36m>[39m
            [36m<div[39m
              [33mclass[39m=[32m"p-6 bg-white ro
unded-xl shadow-sm border border-stone-200"[39m
            [36m>[39m
              [36m<div[39m
                [33mclass[39m=[32m"flex items-ce
nter gap-2 mb-4"[39m
              [36m>[39m
                [36m<svg[39m
                  [33maria-hidden[39m=[32m"true"
[39m
                  [33mclass[39m=[32m"lucide luci
de-activity w-5 h-5 text-amber-600"[39m
                  [33mfill[39m=[32m"none"[39m
                  [33mheight[39m=[32m"24"[39m
                  [33mstroke[39m=[32m"currentCol
or"[39m
                  [33mstroke-linecap[39m=[32m"ro
und"[39m
                  [33mstroke-linejoin[39m=[32m"r
ound"[39m
                  [33mstroke-width[39m=[32m"2"[
39m
                  [33mviewBox[39m=[32m"0 0 24 24
"[39m
                  [33mwidth[39m=[32m"24"[39m
                  [33mxmlns[39m=[32m"http://www.
w3.org/2000/svg"[39m
                [36m>[39m
                  [36m<path[39m
                    [33md[39m=[32m"M22 12h-2.48a
2 2 0 0 0-1.93 1.46l-2.35 8.36a.25.25 0 0 1-.48 0L9
.24 2.18a.25.25 0 0 0-.48 0l-2.35 8.36A2 2 0 0 1 4.
49 12H2"[39m
                  [36m/>[39m
                [36m</svg>[39m
                [36m<h2[39m
                  [33mclass[39m=[32m"text-lg fon
t-bold text-stone-800"[39m
                [36m>[39m
                  [0mMachine Selector[0m
                [36m</h2>[39m
              [36m</div>[39m
              [36m<div[39m
                [33mclass[39m=[32m"text-xs text-
stone-500 mb-4 font-medium"[39m
              [36m>[39m
                [0mClick a bar to cycle through ma
chines grouped by Native SNR range.[0m
              [36m</div>[39m
              [36m<div[39m
                [33mclass[39m=[32m"h-40 w-full c
ursor-pointer"[39m
              [36m>[39m
                [36m<div[39m
                  [33mstyle[39m=[32m"width: 800p
x; height: 600px;"[39m
                [36m>[39m
                  [36m<div[39m
                    [33mclass[39m=[32m"recharts-
wrapper"[39m
                    [33mstyle[39m=[32m"position:
 relative; cursor: default;"[39m
                  [36m/>[39m
                [36m</div>[39m
              [36m</div>[39m
            [36m</div>[39m
            [36m<div[39m
              [33mclass[39m=[32m"p-6 bg-white ro
unded-xl shadow-sm border border-stone-200"[39m
            [36m>[39m
              [36m<div[39m
                [33mclass[39m=[32m"flex items-ce
nter gap-2 mb-6"[39m
              [36m>[39m
                [36m<svg[39m
                  [33maria-hidden[39m=[32m"true"
[39m
                  [33mclass[39m=[32m"lucide luci
de-sliders-horizontal w-5 h-5 text-amber-600"[39m
                  [33mfill[39m=[32m"none"[39m
                  [33mheight[39m=[32m"2...
[90m [2m??[22m Proxy.waitForWrapper node_modules/
@testing-library/dom/dist/wait-for.js:[2m163:27[2
2m[39m
[36m [2m??[22m src/App.test.jsx:[2m67:19[22m[3
9m
    [90m 65| [39m        it('should update Lambda
 text when slider changes', async () =??    [90m 6
6| [39m            [34mrender[39m([33m<[39m[3
3mApp[39m [33m/[39m[33m>[39m)[33m;[39m
    [90m 67| [39m            [35mawait[39m [34
mwaitFor[39m(() [33m=>[39m screen[33m.[39m[34
mgetByText[39m([32m'M01'[39m))[33m;[39m
    [90m   | [39m                  [31m^[39m
    [90m 68| [39m
    [90m 69| [39m            [35mconst[39m slid
ers [33m=[39m screen[33m.[39m[34mgetAllByRole
[39m([32m'slider'[39m)[33m;[39m

[31m[2m?胼?胼?胼?胼?胼?胼?胼?胼?胼?胼?胼?胼[3/4]?
?[22m[39m

[41m[1m FAIL [22m[49m src/App.test.jsx[2m > [
22mR2R Sandbox App[2m > [22mUser Interactions[2m
 > [22mshould update Sampling Rate percentage text
 when slider changes
[31m[1mTestingLibraryElementError[22m[39m: Unab
le to find an element with the text: M01. This coul
d be because the text is broken up by multiple elem
ents. In this case, you can provide a function for 
your text matcher to make your matcher more flexibl
e.

Ignored nodes: comments, script, style
[36m<body>[39m
  [36m<div>[39m
    [36m<div[39m
      [33mclass[39m=[32m"min-h-screen bg-stone-5
0 text-stone-900 font-sans selection:bg-amber-200 p
b-12"[39m
    [36m>[39m
      [36m<header[39m
        [33mclass[39m=[32m"px-8 py-5 border-b bo
rder-stone-200 bg-white sticky top-0 z-10 flex item
s-center justify-between shadow-sm"[39m
      [36m>[39m
        [36m<div>[39m
          [36m<h1[39m
            [33mclass[39m=[32m"text-2xl font-bol
d tracking-tight text-stone-800 flex items-center g
ap-2"[39m
          [36m>[39m
            [36m<svg[39m
              [33maria-hidden[39m=[32m"true"[39
m
              [33mclass[39m=[32m"lucide lucide-a
ctivity w-6 h-6 text-amber-600"[39m
              [33mfill[39m=[32m"none"[39m
              [33mheight[39m=[32m"24"[39m
              [33mstroke[39m=[32m"currentColor"
[39m
              [33mstroke-linecap[39m=[32m"round"
[39m
              [33mstroke-linejoin[39m=[32m"round
"[39m
              [33mstroke-width[39m=[32m"2"[39m
              [33mviewBox[39m=[32m"0 0 24 24"[3
9m
              [33mwidth[39m=[32m"24"[39m
              [33mxmlns[39m=[32m"http://www.w3.o
rg/2000/svg"[39m
            [36m>[39m
              [36m<path[39m
                [33md[39m=[32m"M22 12h-2.48a2 2 
0 0 0-1.93 1.46l-2.35 8.36a.25.25 0 0 1-.48 0L9.24 
2.18a.25.25 0 0 0-.48 0l-2.35 8.36A2 2 0 0 1 4.49 1
2H2"[39m
              [36m/>[39m
            [36m</svg>[39m
            [0mR2R Simulator Sandbox [0m
            [36m<span[39m
              [33mclass[39m=[32m"ml-2 text-xs fo
nt-medium px-2 py-1 bg-stone-100 rounded-full text-
stone-500 border border-stone-200"[39m
            [36m>[39m
              [0mBETA[0m
            [36m</span>[39m
          [36m</h1>[39m
          [36m<p[39m
            [33mclass[39m=[32m"text-sm text-ston
e-500 mt-1"[39m
          [36m>[39m
            [0mReal-time EWMA Playback Analysis En
gine[0m
          [36m</p>[39m
        [36m</div>[39m
        [36m<div[39m
          [33mclass[39m=[32m"flex gap-4 items-ce
nter"[39m
        [36m>[39m
          [36m<button[39m
            [33mclass[39m=[32m"p-2 text-stone-40
0 hover:text-stone-700 hover:bg-stone-100 rounded-f
ull transition-colors"[39m
            [33mtitle[39m=[32m"Reload Data"[39m
          [36m>[39m
            [36m<svg[39m
              [33maria-hidden[39m=[32m"true"[39
m
              [33mclass[39m=[32m"lucide lucide-r
efresh-cw w-5 h-5"[39m
              [33mfill[39m=[32m"none"[39m
              [33mheight[39m=[32m"24"[39m
              [33mstroke[39m=[32m"currentColor"
[39m
              [33mstroke-linecap[39m=[32m"round"
[39m
              [33mstroke-linejoin[39m=[32m"round
"[39m
              [33mstroke-width[39m=[32m"2"[39m
              [33mviewBox[39m=[32m"0 0 24 24"[3
9m
              [33mwidth[39m=[32m"24"[39m
              [33mxmlns[39m=[32m"http://www.w3.o
rg/2000/svg"[39m
            [36m>[39m
              [36m<path[39m
                [33md[39m=[32m"M3 12a9 9 0 0 1 9
-9 9.75 9.75 0 0 1 6.74 2.74L21 8"[39m
              [36m/>[39m
              [36m<path[39m
                [33md[39m=[32m"M21 3v5h-5"[39m
              [36m/>[39m
              [36m<path[39m
                [33md[39m=[32m"M21 12a9 9 0 0 1-
9 9 9.75 9.75 0 0 1-6.74-2.74L3 16"[39m
              [36m/>[39m
              [36m<path[39m
                [33md[39m=[32m"M8 16H3v5"[39m
              [36m/>[39m
            [36m</svg>[39m
          [36m</button>[39m
        [36m</div>[39m
      [36m</header>[39m
      [36m<main[39m
        [33mclass[39m=[32m"mx-auto max-w-7xl p-8
 grid grid-cols-12 gap-8 overflow-hidden"[39m
      [36m>[39m
        [36m<div[39m
          [33mclass[39m=[32m"col-span-12 lg:col-
span-3 space-y-6"[39m
        [36m>[39m
          [36m<div[39m
            [33mclass[39m=[32m"p-6 bg-white roun
ded-xl shadow-sm border border-stone-200"[39m
          [36m>[39m
            [36m<div[39m
              [33mclass[39m=[32m"flex items-cent
er gap-2 mb-4"[39m
            [36m>[39m
              [36m<svg[39m
                [33maria-hidden[39m=[32m"true"[
39m
                [33mclass[39m=[32m"lucide lucide
-activity w-5 h-5 text-amber-600"[39m
                [33mfill[39m=[32m"none"[39m
                [33mheight[39m=[32m"24"[39m
                [33mstroke[39m=[32m"currentColor
"[39m
                [33mstroke-linecap[39m=[32m"roun
d"[39m
                [33mstroke-linejoin[39m=[32m"rou
nd"[39m
                [33mstroke-width[39m=[32m"2"[39
m
                [33mviewBox[39m=[32m"0 0 24 24"
[39m
                [33mwidth[39m=[32m"24"[39m
                [33mxmlns[39m=[32m"http://www.w3
.org/2000/svg"[39m
              [36m>[39m
                [36m<path[39m
                  [33md[39m=[32m"M22 12h-2.48a2 
2 0 0 0-1.93 1.46l-2.35 8.36a.25.25 0 0 1-.48 0L9.2
4 2.18a.25.25 0 0 0-.48 0l-2.35 8.36A2 2 0 0 1 4.49
 12H2"[39m
                [36m/>[39m
              [36m</svg>[39m
              [36m<h2[39m
                [33mclass[39m=[32m"text-lg font-
bold text-stone-800"[39m
              [36m>[39m
                [0mMachine Selector[0m
              [36m</h2>[39m
            [36m</div>[39m
            [36m<div[39m
              [33mclass[39m=[32m"text-xs text-st
one-500 mb-4 font-medium"[39m
            [36m>[39m
              [0mClick a bar to cycle through mach
ines grouped by Native SNR range.[0m
            [36m</div>[39m
            [36m<div[39m
              [33mclass[39m=[32m"h-40 w-full cur
sor-pointer"[39m
            [36m>[39m
              [36m<div[39m
                [33mstyle[39m=[32m"width: 800px;
 height: 600px;"[39m
              [36m>[39m
                [36m<div[39m
                  [33mclass[39m=[32m"recharts-wr
apper"[39m
                  [33mstyle[39m=[32m"position: r
elative; cursor: default;"[39m
                [36m/>[39m
              [36m</div>[39m
            [36m</div>[39m
          [36m</div>[39m
          [36m<div[39m
            [33mclass[39m=[32m"p-6 bg-white roun
ded-xl shadow-sm border border-stone-200"[39m
          [36m>[39m
            [36m<div[39m
              [33mclass[39m=[32m"flex items-cent
er gap-2 mb-6"[39m
            [36m>[39m
              [36m<svg[39m
                [33maria-hidden[39m=[32m"true"[
39m
                [33mclass[39m=[32m"lucide lucide
-sliders-horizontal w-5 h-5 text-amber-600"[39m
                [33mfill[39m=[32m"none"[39m
                [33mheight[39m=[32m"24"[39m
                [33mstroke[39m=[32m"currentColor
"[39m
                [33mstroke-linecap[39m=[32m"roun
d"[39m
                [33mstroke-linejoin[39m=[32m"rou
nd"[39m
                [33mstroke-width[39m=[32m"2"[39
m
                [33mviewBox[39m=[32m"0 0 24 24"
[39m
                [33mwidth[...

Ignored nodes: comments, script, style
[36m<html>[39m
  [36m<head />[39m
  [36m<body>[39m
    [36m<div>[39m
      [36m<div[39m
        [33mclass[39m=[32m"min-h-screen bg-stone
-50 text-stone-900 font-sans selection:bg-amber-200
 pb-12"[39m
      [36m>[39m
        [36m<header[39m
          [33mclass[39m=[32m"px-8 py-5 border-b 
border-stone-200 bg-white sticky top-0 z-10 flex it
ems-center justify-between shadow-sm"[39m
        [36m>[39m
          [36m<div>[39m
            [36m<h1[39m
              [33mclass[39m=[32m"text-2xl font-b
old tracking-tight text-stone-800 flex items-center
 gap-2"[39m
            [36m>[39m
              [36m<svg[39m
                [33maria-hidden[39m=[32m"true"[
39m
                [33mclass[39m=[32m"lucide lucide
-activity w-6 h-6 text-amber-600"[39m
                [33mfill[39m=[32m"none"[39m
                [33mheight[39m=[32m"24"[39m
                [33mstroke[39m=[32m"currentColor
"[39m
                [33mstroke-linecap[39m=[32m"roun
d"[39m
                [33mstroke-linejoin[39m=[32m"rou
nd"[39m
                [33mstroke-width[39m=[32m"2"[39
m
                [33mviewBox[39m=[32m"0 0 24 24"
[39m
                [33mwidth[39m=[32m"24"[39m
                [33mxmlns[39m=[32m"http://www.w3
.org/2000/svg"[39m
              [36m>[39m
                [36m<path[39m
                  [33md[39m=[32m"M22 12h-2.48a2 
2 0 0 0-1.93 1.46l-2.35 8.36a.25.25 0 0 1-.48 0L9.2
4 2.18a.25.25 0 0 0-.48 0l-2.35 8.36A2 2 0 0 1 4.49
 12H2"[39m
                [36m/>[39m
              [36m</svg>[39m
              [0mR2R Simulator Sandbox [0m
              [36m<span[39m
                [33mclass[39m=[32m"ml-2 text-xs 
font-medium px-2 py-1 bg-stone-100 rounded-full tex
t-stone-500 border border-stone-200"[39m
              [36m>[39m
                [0mBETA[0m
              [36m</span>[39m
            [36m</h1>[39m
            [36m<p[39m
              [33mclass[39m=[32m"text-sm text-st
one-500 mt-1"[39m
            [36m>[39m
              [0mReal-time EWMA Playback Analysis 
Engine[0m
            [36m</p>[39m
          [36m</div>[39m
          [36m<div[39m
            [33mclass[39m=[32m"flex gap-4 items-
center"[39m
          [36m>[39m
            [36m<button[39m
              [33mclass[39m=[32m"p-2 text-stone-
400 hover:text-stone-700 hover:bg-stone-100 rounded
-full transition-colors"[39m
              [33mtitle[39m=[32m"Reload Data"[3
9m
            [36m>[39m
              [36m<svg[39m
                [33maria-hidden[39m=[32m"true"[
39m
                [33mclass[39m=[32m"lucide lucide
-refresh-cw w-5 h-5"[39m
                [33mfill[39m=[32m"none"[39m
                [33mheight[39m=[32m"24"[39m
                [33mstroke[39m=[32m"currentColor
"[39m
                [33mstroke-linecap[39m=[32m"roun
d"[39m
                [33mstroke-linejoin[39m=[32m"rou
nd"[39m
                [33mstroke-width[39m=[32m"2"[39
m
                [33mviewBox[39m=[32m"0 0 24 24"
[39m
                [33mwidth[39m=[32m"24"[39m
                [33mxmlns[39m=[32m"http://www.w3
.org/2000/svg"[39m
              [36m>[39m
                [36m<path[39m
                  [33md[39m=[32m"M3 12a9 9 0 0 1
 9-9 9.75 9.75 0 0 1 6.74 2.74L21 8"[39m
                [36m/>[39m
                [36m<path[39m
                  [33md[39m=[32m"M21 3v5h-5"[39
m
                [36m/>[39m
                [36m<path[39m
                  [33md[39m=[32m"M21 12a9 9 0 0 
1-9 9 9.75 9.75 0 0 1-6.74-2.74L3 16"[39m
                [36m/>[39m
                [36m<path[39m
                  [33md[39m=[32m"M8 16H3v5"[39m
                [36m/>[39m
              [36m</svg>[39m
            [36m</button>[39m
          [36m</div>[39m
        [36m</header>[39m
        [36m<main[39m
          [33mclass[39m=[32m"mx-auto max-w-7xl p
-8 grid grid-cols-12 gap-8 overflow-hidden"[39m
        [36m>[39m
          [36m<div[39m
            [33mclass[39m=[32m"col-span-12 lg:co
l-span-3 space-y-6"[39m
          [36m>[39m
            [36m<div[39m
              [33mclass[39m=[32m"p-6 bg-white ro
unded-xl shadow-sm border border-stone-200"[39m
            [36m>[39m
              [36m<div[39m
                [33mclass[39m=[32m"flex items-ce
nter gap-2 mb-4"[39m
              [36m>[39m
                [36m<svg[39m
                  [33maria-hidden[39m=[32m"true"
[39m
                  [33mclass[39m=[32m"lucide luci
de-activity w-5 h-5 text-amber-600"[39m
                  [33mfill[39m=[32m"none"[39m
                  [33mheight[39m=[32m"24"[39m
                  [33mstroke[39m=[32m"currentCol
or"[39m
                  [33mstroke-linecap[39m=[32m"ro
und"[39m
                  [33mstroke-linejoin[39m=[32m"r
ound"[39m
                  [33mstroke-width[39m=[32m"2"[
39m
                  [33mviewBox[39m=[32m"0 0 24 24
"[39m
                  [33mwidth[39m=[32m"24"[39m
                  [33mxmlns[39m=[32m"http://www.
w3.org/2000/svg"[39m
                [36m>[39m
                  [36m<path[39m
                    [33md[39m=[32m"M22 12h-2.48a
2 2 0 0 0-1.93 1.46l-2.35 8.36a.25.25 0 0 1-.48 0L9
.24 2.18a.25.25 0 0 0-.48 0l-2.35 8.36A2 2 0 0 1 4.
49 12H2"[39m
                  [36m/>[39m
                [36m</svg>[39m
                [36m<h2[39m
                  [33mclass[39m=[32m"text-lg fon
t-bold text-stone-800"[39m
                [36m>[39m
                  [0mMachine Selector[0m
                [36m</h2>[39m
              [36m</div>[39m
              [36m<div[39m
                [33mclass[39m=[32m"text-xs text-
stone-500 mb-4 font-medium"[39m
              [36m>[39m
                [0mClick a bar to cycle through ma
chines grouped by Native SNR range.[0m
              [36m</div>[39m
              [36m<div[39m
                [33mclass[39m=[32m"h-40 w-full c
ursor-pointer"[39m
              [36m>[39m
                [36m<div[39m
                  [33mstyle[39m=[32m"width: 800p
x; height: 600px;"[39m
                [36m>[39m
                  [36m<div[39m
                    [33mclass[39m=[32m"recharts-
wrapper"[39m
                    [33mstyle[39m=[32m"position:
 relative; cursor: default;"[39m
                  [36m/>[39m
                [36m</div>[39m
              [36m</div>[39m
            [36m</div>[39m
            [36m<div[39m
              [33mclass[39m=[32m"p-6 bg-white ro
unded-xl shadow-sm border border-stone-200"[39m
            [36m>[39m
              [36m<div[39m
                [33mclass[39m=[32m"flex items-ce
nter gap-2 mb-6"[39m
              [36m>[39m
                [36m<svg[39m
                  [33maria-hidden[39m=[32m"true"
[39m
                  [33mclass[39m=[32m"lucide luci
de-sliders-horizontal w-5 h-5 text-amber-600"[39m
                  [33mfill[39m=[32m"none"[39m
                  [33mheight[39m=[32m"2...
[90m [2m??[22m Proxy.waitForWrapper node_modules/
@testing-library/dom/dist/wait-for.js:[2m163:27[2
2m[39m
[36m [2m??[22m src/App.test.jsx:[2m77:19[22m[3
9m
    [90m 75| [39m        it('should update Sampli
ng Rate percentage text when slider ch??    [90m 7
6| [39m            [34mrender[39m([33m<[39m[3
3mApp[39m [33m/[39m[33m>[39m)[33m;[39m
    [90m 77| [39m            [35mawait[39m [34
mwaitFor[39m(() [33m=>[39m screen[33m.[39m[34
mgetByText[39m([32m'M01'[39m))[33m;[39m
    [90m   | [39m                  [31m^[39m
    [90m 78| [39m
    [90m 79| [39m            [35mconst[39m slid
ers [33m=[39m screen[33m.[39m[34mgetAllByRole
[39m([32m'slider'[39m)[33m;[39m


[31m[2m?胼?胼?胼?胼?胼?胼?胼?胼?胼?胼?胼?胼[4/4]?
?[22m[39m

[2m Test Files [22m [1m[31m1 failed[39m[22m[90m (1)[39m
[2m      Tests [22m [1m[31m4 failed[39m[22m[2m | [22m[1m[32m1 passed[39m[22m[90m (5)[39m
[2m   Start at [22m 23:43:05
[2m   Duration [22m 5.32s[2m (transform 77ms, setup 0ms, import 487ms, tests 4.21s, environment 499ms)[22m

