
[1m[46m RUN [49m[22m [36mv4.0.18 [39m[90mD:/code/R2R/R2R_simultion/r2r-sandbox[39m

 [31m??[39m src/App.test.jsx [2m([22m[2m5 tests[22m[2m | [22m[31m4 failed[39m[2m)[22m[33m 4205[2mms[22m[39m
[31m       [31m?[31m should render main application headers without crashing[39m[33m 1066[2mms[22m[39m
[31m       [31m?[31m should update SNR Multiplier text when slider changes[39m[33m 1037[2mms[22m[39m
[31m       [31m?[31m should update Lambda text when slider changes[39m[33m 1034[2mms[22m[39m
[31m       [31m?[31m should update Sampling Rate percentage text when slider changes[39m[33m 1035[2mms[22m[39m
       [32m??[39m should gracefully handle fetch errors[32m 32[2mms[22m[39m

[2m Test Files [22m [1m[31m1 failed[39m[22m[90m (1)[39m
[2m      Tests [22m [1m[31m4 failed[39m[22m[2m | [22m[1m[32m1 passed[39m[22m[90m (5)[39m
[2m   Start at [22m 23:44:06
[2m   Duration [22m 5.31s[2m (transform 76ms, setup 0ms, import 488ms, tests 4.20s, environment 497ms)[22m

